Array sequential
array(4) {
  [0]=>
  string(3) "foo"
  [1]=>
  string(3) "bar"
  [2]=>
  string(3) "baz"
  [3]=>
  string(5) "blong"
}
string(27) "["foo","bar","baz","blong"]"

Array no secuential
array(4) {
  [1]=>
  string(3) "foo"
  [2]=>
  string(3) "bar"
  [3]=>
  string(3) "baz"
  [4]=>
  string(5) "blong"
}
string(43) "{"1":"foo","2":"bar","3":"baz","4":"blong"}"

Array secuential with destroyed key
array(3) {
  [0]=>
  string(3) "foo"
  [2]=>
  string(3) "baz"
  [3]=>
  string(5) "blong"
}
string(33) "{"0":"foo","2":"baz","3":"blong"}"
