string(7) "1.2e+01"
string(4) "12.0"
string(2) "12"
