string(43) "{
    "hi": "hello",
    "bye": "goodbye"
}"
